[technext.github.io/admin-one/index.html]
[backblue.gif]
[fade.gif]
[index.html]
[technext.github.io/admin-one/css/main2eec.css]
[technext.github.io/admin-one/apple-touch-icon.png]
[technext.github.io/admin-one/favicon-32x32.png]
[technext.github.io/admin-one/favicon-16x16.png]
[technext.github.io/admin-one/safari-pinned-tab.svg]
[technext.github.io/admin-one/JustBoil.me]
[justboil.me/images/one-tailwind/repository-preview-hi-res.png]
[technext.github.io/admin-one/profile.html]
[technext.github.io/admin-one/tables.html]
[technext.github.io/admin-one/forms.html]
[technext.github.io/admin-one/login.html]
[technext.github.io/admin-one/js/main.min2eec.js]
[cdnjs.cloudflare.com/ajax/libs/Chart.js/2.8.0/Chart.min.js]
[technext.github.io/admin-one/js/chart.sample.min.js]
[connect.facebook.net/en_US/fbevents.js]
[technext.github.io/admin-one/index.html]
[technext.github.io/admin-one/css/main2eec.css]
[technext.github.io/admin-one/safari-pinned-tab.svg]
[technext.github.io/admin-one/JustBoil.html]
[technext.github.io/admin-one/profile.html]
[technext.github.io/admin-one/tables.html]
[technext.github.io/admin-one/forms.html]
[technext.github.io/admin-one/login.html]
[cdn.jsdelivr.net/npm/@mdi/font@4.9.95/css/materialdesignicons.min.css]
[technext.github.io/admin-one/c]
[technext.github.io/admin-one/b]
[technext.github.io/admin-one/POST]
[connect.facebook.net/en_US/fbevents.js]
[cdn.jsdelivr.net/npm/@mdi/font@4.9.95/css/materialdesignicons.min.css]
[technext.github.io/admin-one/c.html]
[technext.github.io/admin-one/b.html]
[technext.github.io/admin-one/POST.html]
